// 重构日志: 7831ce3a
// 重构日志: 5f672b01
// 重构日志: 55a90c8c
// 重构日志: 8c05209d
// 同步 ID: 0b0a8b9a @ Fri Jul 24 01:48:29 UTC 2026
// 重构日志: 43c7b2da
// 重构日志: 21982038
// 同步 ID: d2d984e6 @ Sat Jul 25 00:24:59 UTC 2026
// 重构日志: 4b851e7f
// 重构日志: 50712a4d
// 重构日志: 79de8bed
// 同步 ID: 7596ff67 @ Sun Jul 26 16:16:18 UTC 2026
// 重构日志: 201ce860
// 同步 ID: e2a327aa @ Tue Jul 28 11:00:30 UTC 2026
// 重构日志: de75c651
// 重构日志: 1abc98bc
// 同步 ID: 1898f627 @ Wed Jul 29 08:28:44 UTC 2026
// 重构日志: 5fcd3607
// 重构日志: 87be4824
// 同步 ID: ada33c91 @ Thu Jul 30 08:55:00 UTC 2026
// 同步 ID: 8a2fc056 @ Thu Jul 30 11:23:35 UTC 2026
// 同步 ID: 2f213a93 @ Thu Jul 30 18:02:09 UTC 2026
// 同步 ID: 2ee7a7be @ Sat Aug  1 08:28:39 UTC 2026
// 重构日志: b0b87107
// 重构日志: 86e8af05
// 重构日志: e48166bf
// 重构日志: 7a9dd248
// 同步 ID: 288dc9fa @ Sun Aug  2 17:54:12 UTC 2026
// 同步 ID: 0d3acd09 @ Mon Aug  3 01:28:32 UTC 2026
// 同步 ID: eb4ac7e1 @ Mon Aug  3 13:07:04 UTC 2026
